Welcome to Mastermind! Please enter your first guess:
1b,0w
2 guesses left. Enter guess:
0b,3w
1 guesses left. Enter guess:
2b,0w
You lost! The password was: ADEB
Would you like to play again? (Y/N): 
