Welcome to Mastermind! Please enter your first guess:
1b,11w
You lost! The password was: AFCCCCEABACFDBCABFCA
Would you like to play again? (Y/N): 
Welcome to Mastermind! Please enter your first guess:
2b,14w
You lost! The password was: DABDCEAACFABEEAEDDFB
Would you like to play again? (Y/N): 
Welcome to Mastermind! Please enter your first guess:
2b,11w
You lost! The password was: FFCAFECAFEEEEBCAFDAB
Would you like to play again? (Y/N): 
Welcome to Mastermind! Please enter your first guess:
2b,14w
You lost! The password was: CACDCEBFEFDCDDABFAAB
Would you like to play again? (Y/N): 
Welcome to Mastermind! Please enter your first guess:
6b,9w
You lost! The password was: ABFBABAEFDBACADCFEDB
Would you like to play again? (Y/N): 
Welcome to Mastermind! Please enter your first guess:
1b,16w
You lost! The password was: ADEDDBAFEBDDAEDFBECE
Would you like to play again? (Y/N): 
Welcome to Mastermind! Please enter your first guess:
4b,8w
You lost! The password was: ABCABFCAFCBFBCEFCFAB
Would you like to play again? (Y/N): 
Welcome to Mastermind! Please enter your first guess:
3b,12w
You lost! The password was: CDBFFCACDAABBBDABEBB
Would you like to play again? (Y/N): 
