Welcome to Mastermind! Please enter your first guess:
2b,0w
You won in 1 guesses!
Would you like to play again? (Y/N): 
Welcome to Mastermind! Please enter your first guess:
0b,0w
You lost! The password was: DF
Would you like to play again? (Y/N): 
Welcome to Mastermind! Please enter your first guess:
0b,0w
You lost! The password was: BF
Would you like to play again? (Y/N): 
Welcome to Mastermind! Please enter your first guess:
0b,0w
You lost! The password was: EF
Would you like to play again? (Y/N): 
Welcome to Mastermind! Please enter your first guess:
0b,0w
You lost! The password was: FC
Would you like to play again? (Y/N): 
