Welcome to Mastermind! Please enter your first guess:
1b,0w
You won in 1 guesses!
Would you like to play again? (Y/N): 
Welcome to Mastermind! Please enter your first guess:
1b,0w
You won in 1 guesses!
Would you like to play again? (Y/N): 
Welcome to Mastermind! Please enter your first guess:
0b,0w
You lost! The password was: E
Would you like to play again? (Y/N): 
Welcome to Mastermind! Please enter your first guess:
0b,0w
You lost! The password was: C
Would you like to play again? (Y/N): 
Welcome to Mastermind! Please enter your first guess:
0b,0w
You lost! The password was: D
Would you like to play again? (Y/N): 
Welcome to Mastermind! Please enter your first guess:
0b,0w
You lost! The password was: B
Would you like to play again? (Y/N): 
Welcome to Mastermind! Please enter your first guess:
1b,0w
You won in 1 guesses!
Would you like to play again? (Y/N): 
Welcome to Mastermind! Please enter your first guess:
0b,0w
You lost! The password was: E
Would you like to play again? (Y/N): 
Welcome to Mastermind! Please enter your first guess:
0b,0w
You lost! The password was: E
Would you like to play again? (Y/N): 
