Welcome to Mastermind! Please enter your first guess:
0b,7w
1 guesses left. Enter guess:
2b,0w
You lost! The password was: EFBCBADABB
Would you like to play again? (Y/N): 
