Welcome to Mastermind! Please enter your first guess:
1b,0w
You won in 1 guesses!
Would you like to play again? (Y/N): 
