-5/2
5/2
0
0
5
5
-25/4
-1
0
-5/2
5/2
0
-5
-5
25/4
1
-5
0
