-|((((3 + x) - 5) * y) / 6)|
x has no value.
x has no value.
-|((((3 + x) - 5) * 2) / 6)|
-|((((3 + 1) - 5) * 2) / 6)|
0
0
-|((((3 + 3) - 5) * 2) / 6)|
-|((((3 + 3) - 5) * 2) / 6)|
-|((((3 + 1) - 5) * 2) / 6)|
0
-|((((3 + 3) - 5) * y) / 6)|
-|((((3 + 1) - 5) * y) / 6)|
y has no value.
-|((((3 + 3) - 5) * 2) / 6)|
-|((((3 + 1) - 5) * 2) / 6)|
0
-|((((3 + x) - 5) * 2) / 6)|
-|((((3 + 1) - 5) * 2) / 6)|
0
