|(-((((x + y) - z) * 6) / 2) + ((5 + x) * y))|
|(-((((x + y) - z) * 6) / 2) + ((5 + x) * y))|
|(-((((1 + y) - z) * 6) / 2) + ((5 + 1) * y))|
y has no value.
x has no value.
z has no value.
|(-((((12 + 1) - z) * 6) / 2) + ((5 + 12) * 1))|
|(-((((1 + 1) - z) * 6) / 2) + ((5 + 1) * 1))|
z has no value.
|(-((((12 + 1) - z) * 6) / 2) + ((5 + 12) * 1))|
z has no value.
|(-((((x + 1) - z) * 6) / 2) + ((5 + x) * 1))|
|(-((((1 + 1) - z) * 6) / 2) + ((5 + 1) * 1))|
z has no value.
|(-((((x + 1) - z) * 6) / 2) + ((5 + x) * 1))|
x has no value.
|(-((((x + y) - z) * 6) / 2) + ((5 + x) * y))|
|(-((((1 + y) - z) * 6) / 2) + ((5 + 1) * y))|
y has no value.
