(3/5)x^5 + (-2/5)x^2 + (1/2)x + (3/7)
(1/5)x^5 + (5)x^4 + (1/5)x^2 + (1/4)x + (4/7)
0
(2/5)x^5 + (-5)x^4 + (-3/5)x^2 + (1/4)x + (-1/7)
(4/5)x^5 + (5)x^4 + (-1/5)x^2 + (3/4)x + (1)
(3/5)x^5 + (-2/5)x^2 + (1/2)x + (3/7)
(3/5)x^5 + (-2/5)x^2 + (1/2)x + (3/7)
(3/5)x^5 + (-2/5)x^2 + (1/2)x + (3/7)
(-3/5)x^5 + (2/5)x^2 + (-1/2)x + (-3/7)
0
0
(3/25)x^10 + (3)x^9 + (1/25)x^7 + (-7/4)x^6 + (41/14)x^5 + (361/175)x^4 + (-1/56)x^2 + (11/28)x + (12/49)
Quotient: (3)
Remainder: (-15)x^4 + (-1)x^2 + (-1/4)x + (-9/7)
Quotient: (1/3)
Remainder: (5)x^4 + (1/3)x^2 + (1/12)x + (3/7)
Quotient: 0
Remainder: 0
(3/5)x^5 + (-2/5)x^2 + (1/2)x + (3/7)
(3/5)x^5 + (-2/5)x^2 + (1/2)x + (3/7)
(1/5)x^5 + (5)x^4 + (1/5)x^2 + (1/4)x + (4/7)
