(1/2)x^5 + (2)x^2 + (1/2)x + (1/2)
(2)x^5 + (1/2)x^4 + (2)x^2 + (1/2)x + (1/4)
0
(-3/2)x^5 + (-1/2)x^4 + (1/4)
(5/2)x^5 + (1/2)x^4 + (4)x^2 + (1)x + (3/4)
(1/2)x^5 + (2)x^2 + (1/2)x + (1/2)
(1/2)x^5 + (2)x^2 + (1/2)x + (1/2)
(1/2)x^5 + (2)x^2 + (1/2)x + (1/2)
(-1/2)x^5 + (-2)x^2 + (-1/2)x + (-1/2)
(1)x^10 + (1/4)x^9 + (5)x^7 + (9/4)x^6 + (11/8)x^5 + (17/4)x^4 + (2)x^3 + (7/4)x^2 + (3/8)x + (1/8)
