(2/3)x^2 + (1/7)
(3/5)x^10 + (4/5)x^2 + (4/7)
0
(-3/5)x^10 + (-2/15)x^2 + (-3/7)
(3/5)x^10 + (22/15)x^2 + (5/7)
(2/3)x^2 + (1/7)
(2/3)x^2 + (1/7)
(2/3)x^2 + (1/7)
(-2/3)x^2 + (-1/7)
(2/5)x^12 + (3/35)x^10 + (8/15)x^4 + (52/105)x^2 + (4/49)
(4/9)x^4 + (4/21)x^2 + (1/49)
(9/25)x^20 + (24/25)x^12 + (24/35)x^10 + (16/25)x^4 + (32/35)x^2 + (16/49)
Quotient: (1)
Remainder: 0
Quotient: 0
Remainder: (2/3)x^2 + (1/7)
Quotient: (9/10)x^8 + (-27/140)x^6 + (81/1960)x^4 + (-243/27440)x^2 + (461721/384160)
Remainder: (1074919/2689120)
