(1)x^8 + (1/4)x^6 + (3/5)x^5 + (-2/5)x^2 + (1/2)x + (3/7)
(1/5)x + (1/4)
0
(1)x^8 + (1/4)x^6 + (3/5)x^5 + (-2/5)x^2 + (3/10)x + (5/28)
(1)x^8 + (1/4)x^6 + (3/5)x^5 + (-2/5)x^2 + (7/10)x + (19/28)
(1)x^8 + (1/4)x^6 + (3/5)x^5 + (-2/5)x^2 + (1/2)x + (3/7)
(1)x^8 + (1/4)x^6 + (3/5)x^5 + (-2/5)x^2 + (1/2)x + (3/7)
(1)x^8 + (1/4)x^6 + (3/5)x^5 + (-2/5)x^2 + (1/2)x + (3/7)
(-1)x^8 + (-1/4)x^6 + (-3/5)x^5 + (2/5)x^2 + (-1/2)x + (-3/7)
(1/5)x^9 + (1/4)x^8 + (1/20)x^7 + (73/400)x^6 + (3/20)x^5 + (-2/25)x^3 + (59/280)x + (3/28)
0
(1/5)x^9 + (1/4)x^8 + (1/20)x^7 + (73/400)x^6 + (3/20)x^5 + (-2/25)x^3 + (59/280)x + (3/28)
0
Quotient: 0
Remainder: 0
Quotient: (5)x^7 + (-25/4)x^6 + (145/16)x^5 + (-533/64)x^4 + (2665/256)x^3 + (-13325/1024)x^2 + (58433/4096)x + (-251205/16384)
Remainder: (1955043/458752)
Quotient: 0
Remainder: (1/5)x + (1/4)
