0
0
(1)x
(1)
0
(-1)x
(1)x + (-1)
(-1)
0
(1)x
(1)x
(1)x + (1)
(1)
Quotient: 0
Remainder: 0
Quotient: 0
Remainder: 0
(1)
(1)x
(1)
(1)x
