0
(1/10)x^7
0
(-1/10)x^7
(1/10)x^7
0
0
0
0
0
0
0
0
0
0
Quotient: 0
Remainder: 0
Quotient: 0
Remainder: 0
(1/10)x^7
(1/10)x^7
(1/10)x^7
(1/10)x^7
