Hello great world
, how are you?
Hello great world, how are you?
