g
g
akjbfwkjeneflwkenfkakjbfwkjeneflwkenfk
"akjbfwkjeneflwkenfk" size: 19
 "akjbfwkjeneflwkenfk" size: 19
"g" size: 1
 "a b ?" size: 20
  "a b ?" size: 10
   "a b ?" size: 5
   "a b ?" size: 5
  "a b ?" size: 10
   "a b ?" size: 5
   "a b ?" size: 5
    "a b ?" size: 5
ga b ?a b ?a b ?a b ?a b ?a b ?a b ?a b ?
