the greatest (?) 
, how are you?
the greatest (?) , how are you?
t?e greadest (?) , how are you?
"t?e greadest (?) " size: 17
 ", how are you?" size: 14
"im fine" size: 38
 ", how are you?" size: 31
  "t?e greadest (?) " size: 17
 "actually not, I cannot finish my assns, and no one can help" size: 59
t?e greadest (?) , how are you?im fineactually not, I cannot finish my assns, and no one can help
