abc'bc
"c" size: 3
 "b" size: 2
  "a" size: 1
 "b" size: 2
  "'" size: 1
  "c" size: 1
a?????bc'bc
