Hello the greatest (?) cs246
, how are you?
Hello the greatest (?) cs246, how are you?
H?llo the greatest (?) cs246
"the greatest (?) " size: 23
 "H?llo " size: 6
 "cs246" size: 5
H?llo the greatest (?) cs246
