abc3482 wf ef  ewf w wdw d w74829kjhlqkwje;wqjelkjwqfljqw;374982721730937403
"a" size: 1
 "b" size: 1
  "c" size: 1
   "kjhlqkwje;wqjelkjwqfljqw;" size: 55
    " wf ef  ewf w wdw d w" size: 25
     "3482" size: 4
     "74829" size: 5
    "374982721730937403" size: 18
abc3482 wf ef  ewf w wdw d w74829kjhlqkwje;wqjelkjwqfljqw;374982721730937403
