,.c/efghizklmnopqrstuvwxyz1234567890
,(c/e"g&i(k=m$opqr*tuvwxyz1234567890
",(c/e"g&i(k=m$opqr*tuvwxyz1234567890" size: 36
